// Jest Snapshot v1, https://goo.gl/fbAQLP

exports[`render markdown 1`] = `
ShallowWrapper {
  "length": 1,
  Symbol(enzyme.__root__): [Circular],
  Symbol(enzyme.__unrendered__): <Markdown
    autoLoadReferences={false}
    className=""
    text="# Title

    A little bit of text
    "
  />,
  Symbol(enzyme.__renderer__): Object {
    "batchedUpdates": [Function],
    "getNode": [Function],
    "render": [Function],
    "simulateEvent": [Function],
    "unmount": [Function],
  },
  Symbol(enzyme.__node__): Object {
    "instance": null,
    "key": undefined,
    "nodeType": "host",
    "props": Object {
      "children": <div>
        <strong>
          Title
        </strong>
        

        <pre>
          <code>
            A little bit of text

          </code>
        </pre>
      </div>,
      "className": "Markdown ",
    },
    "ref": null,
    "rendered": Object {
      "instance": null,
      "key": "h-1",
      "nodeType": "host",
      "props": Object {
        "children": Array [
          <strong>
            Title
          </strong>,
          "
",
          <pre>
            <code>
              A little bit of text

            </code>
          </pre>,
        ],
      },
      "ref": null,
      "rendered": Array [
        Object {
          "instance": null,
          "key": "h-2",
          "nodeType": "host",
          "props": Object {
            "children": Array [
              "Title",
            ],
          },
          "ref": null,
          "rendered": Array [
            "Title",
          ],
          "type": "strong",
        },
        "
",
        Object {
          "instance": null,
          "key": "h-3",
          "nodeType": "host",
          "props": Object {
            "children": Array [
              <code>
                A little bit of text

              </code>,
            ],
          },
          "ref": null,
          "rendered": Array [
            Object {
              "instance": null,
              "key": "h-4",
              "nodeType": "host",
              "props": Object {
                "children": Array [
                  "A little bit of text
",
                ],
              },
              "ref": null,
              "rendered": Array [
                "A little bit of text
",
              ],
              "type": "code",
            },
          ],
          "type": "pre",
        },
      ],
      "type": "div",
    },
    "type": "div",
  },
  Symbol(enzyme.__nodes__): Array [
    Object {
      "instance": null,
      "key": undefined,
      "nodeType": "host",
      "props": Object {
        "children": <div>
          <strong>
            Title
          </strong>
          

          <pre>
            <code>
              A little bit of text

            </code>
          </pre>
        </div>,
        "className": "Markdown ",
      },
      "ref": null,
      "rendered": Object {
        "instance": null,
        "key": "h-1",
        "nodeType": "host",
        "props": Object {
          "children": Array [
            <strong>
              Title
            </strong>,
            "
",
            <pre>
              <code>
                A little bit of text

              </code>
            </pre>,
          ],
        },
        "ref": null,
        "rendered": Array [
          Object {
            "instance": null,
            "key": "h-2",
            "nodeType": "host",
            "props": Object {
              "children": Array [
                "Title",
              ],
            },
            "ref": null,
            "rendered": Array [
              "Title",
            ],
            "type": "strong",
          },
          "
",
          Object {
            "instance": null,
            "key": "h-3",
            "nodeType": "host",
            "props": Object {
              "children": Array [
                <code>
                  A little bit of text

                </code>,
              ],
            },
            "ref": null,
            "rendered": Array [
              Object {
                "instance": null,
                "key": "h-4",
                "nodeType": "host",
                "props": Object {
                  "children": Array [
                    "A little bit of text
",
                  ],
                },
                "ref": null,
                "rendered": Array [
                  "A little bit of text
",
                ],
                "type": "code",
              },
            ],
            "type": "pre",
          },
        ],
        "type": "div",
      },
      "type": "div",
    },
  ],
  Symbol(enzyme.__options__): Object {
    "adapter": ReactSixteenAdapter {
      "options": Object {
        "enableComponentDidUpdateOnSetState": true,
      },
    },
  },
}
`;
